AK20
AK27
Ablator
Actinides
Aerozine50
Alumina
Aluminium
Ammonia
Aniline
AntiHydrogen
Antimatter
ArgonGas
AvGas
Borate
Boron
Caesium
Calcium
Carbon
CarbonDioxide
CarbonMonoxide
CaveaB
ChargedParticles
Chemicals
Chlorine
ClF3
ClF5
ColonySupplies
CompressedAir
DarkGoo
Decaborane
DepletedFuel
DepletedUranium
Deuterium
Diborane
Dirt
EVA Propellant
ElectricCharge
EnrichedUranium
Ethane
Ethanol
Ethanol75
Ethanol90
Ethylene
ExoticMatter
ExoticMinerals
FLOX30
FLOX70
FLOX88
FURIntakeLiquid
FURIntakeOxygen
Fertilizer
FissionParticles
FissionPellets
Fluorine
Fluorite
Food
Furfuryl
FusionPellets
Glykerol
Gypsum
HNIW
HTP
HTPB
HeavyWater
Helium
Helium3
Helium4
Hexaborane
Hydrates
Hydrazine
Hydrogen
Hydyne
IRFNA-III
IRFNA-IV
IWFNA
IntakeAir
IntakeAtm
IntakeLqd
Karbonite
Karborundum
Kerosene
KryptonGas
Lead
LeadBallast
LifeSupport
LiquidFuel
Lithium
Lithium6
LithiumDeuteride
LithiumHydride
LqdAmmonia
LqdArgon
LqdCO
LqdCO2
LqdDeuterium
LqdFluorine
LqdHe3
LqdHelium
LqdHydrogen
LqdKrypton
LqdMethane
LqdNeon
LqdNitrogen
LqdNitrogen15
LqdOxygen
LqdOxygen18
LqdTritium
LqdXenon
MMH
MON1
MON10
MON15
MON20
MON25
MON3
Machinery
Magnesium
MaterialKits
Megajoules
Metal
MetalOre
MetallicOre
Metals
Methane
Methanol
Minerals
Monazite
MonoPropellant
Mulch
N2F4
NGNC
NTO
NeonGas
Nitratine
Nitrogen
NitrousOxide
NuclearSaltWater
OF2
Ore
Organics
Oxidizer
Oxygen
PBAN
PSPC
Pentaborane
Plutonium-238
Polymers
PolyvinylChloride
Potassium
RareMetals
Recyclables
RefinedExotics
Regolith
ResourceLode
Rock
RocketParts
Salt
ScrapMetal
Silicates
Silicon
Snacks
Sodium
Soil
SolarWind
SolidFuel
SolidHydrogen
SpareParts
SpecializedParts
Spodumene
StoredCharge
Substrate
Sulphur
Supplies
Syntin
TEATEB
ThF4
ThermalPower
Thorium
Tonka250
Tonka500
Tritium
UDMH
UF4
UH25
Uraninite
UraniumNitride
VacuumPlasma
Waste
WasteHeat
WasteWater
Water
XenonGas